<html>
<body>
<pre>
<h1>µVision Build Log</h1>
<h2>Project:</h2>
C:\Users\user\Documents\Keil\AC_sim\AC_sim.uvproj
Project File Date:  03/29/2014

<h2>Output:</h2>
Build target 'STM32F4_Discovery'
linking...
Program Size: Code=20004 RO-data=1300 RW-data=72 ZI-data=13752  
".\AC_sim.axf" - 0 Error(s), 0 Warning(s).
Load "C:\\Users\\user\\Documents\\Keil\\AC_sim\\AC_sim.axf" 
Erase Done.
Programming Done.
Verify OK.
Application running ...
</pre>
</body>
</html>
memset" declared implicitly
    memset(argv[argc-1], '\0', sizeof(char)*((i-j)+1));
Files_Project\debug_cmd.c(62): warning:  #223-D: function "strcmp" declared implicitly
        if ( strcmp( argv[0], CMD_GEN_SAG)==0 )
Files_Project\debug_cmd.c(133): warning:  #167-D: argument of type "volatile uint32_t *" is incompatible with parameter of type "void *"
                                free( getCCRTab(atoi(argv[1]))->ptrnDuration ); 
Files_Project\debug_cmd.c: 4 warnings, 0 errors
linking...
Program Size: Code=20004 RO-data=1300 RW-data=72 ZI-data=13752  
".\AC_sim.axf" - 0 Error(s), 4 Warning(s).
but never referenced
        uint8_t i;
Files_Project\main.c: 7 warnings, 0 errors
compiling debug_cmd.c...
Files_Project\debug_cmd.c(46): warning:  #223-D: function "memset" declared implicitly
                        memset(argv[argc-1], '\0', sizeof(char)*((i-j)+1));       // initialize all '\0'
Files_Project\debug_cmd.c(57): warning:  #223-D: function "memset" declared implicitly
    memset(argv[argc-1], '\0', sizeof(char)*((i-j)+1));
Files_Project\debug_cmd.c(63): warning:  #223-D: function "strcmp" declared implicitly
        if ( strcmp( argv[0], CMD_GEN_SAG)==0 )
Files_Project\debug_cmd.c(143): warning:  #167-D: argument of type "volatile uint32_t *" is incompatible with parameter of type "void *"
                                free( getCCRTab(atoi(argv[1]))->ptrnDuration ); 
Files_Project\debug_cmd.c(28): warning:  #550-D: variable "test" was set but never used
        float test = 0;
Files_Project\debug_cmd.c(29): warning:  #550-D: variable "iTest" was set but never used
        uint16_t iTest = 0;
Files_Project\debug_cmd.c: 6 warnings, 0 errors
compiling Peripheral_Config.c...
compiling stm32f4xx_it.c...
compiling strtod.c...
compiling misc.c...
compiling stm32f4xx_dma.c...
compiling stm32f4xx_exti.c...
compiling stm32f4xx_gpio.c...
compiling stm32f4xx_rcc.c...
compiling stm32f4xx_tim.c...
compiling stm32f4xx_usart.c...
compiling stm32f4xx_syscfg.c...
assembling startup_stm32f4xx.s...
compiling system_stm32f4xx.c...
linking...
Program Size: Code=22212 RO-data=1300 RW-data=76 ZI-data=13748  
".\AC_sim.axf" - 0 Error(s), 13 Warning(s).
cmd.c(27): warning:  #550-D: variable "test" was set but never used
        float test = 0;
Files_Project\debug_cmd.c(28): warning:  #550-D: variable "iTest" was set but never used
        uint16_t iTest = 0;
Files_Project\debug_cmd.c: 16 warnings, 0 errors
linking...
Program Size: Code=22572 RO-data=1300 RW-data=76 ZI-data=13748  
".\AC_sim.axf" - 0 Error(s), 16 Warning(s).
Load "C:\\Users\\user\\Documents\\Keil\\AC_sim\\AC_sim.axf" 
Erase Done.
Programming Done.
Verify OK.
Application running ...
#223-D: function "atof" declared implicitly
                                getCCRTab(atoi(argv[1]))->ptrnAmp[i] = getCCRTab(atoi(argv[1]))->normAmp*atof(argv[(i+1)*2]);
Files_Project\debug_cmd.c(186): warning:  #223-D: function "atoi" declared implicitly
                        if ( stopPattern( atoi(argv[1])) )
Files_Project\debug_cmd.c(211): warning:  #223-D: function "free" declared implicitly
        free(msgBuf);
Files_Project\debug_cmd.c: 14 warnings, 0 errors
compiling Peripheral_Config.c...
compiling stm32f4xx_it.c...
compiling misc.c...
compiling stm32f4xx_dma.c...
compiling stm32f4xx_exti.c...
compiling stm32f4xx_gpio.c...
compiling stm32f4xx_rcc.c...
compiling stm32f4xx_tim.c...
compiling stm32f4xx_usart.c...
compiling stm32f4xx_syscfg.c...
assembling startup_stm32f4xx.s...
compiling system_stm32f4xx.c...
linking...
Program Size: Code=22092 RO-data=1300 RW-data=76 ZI-data=13748  
".\AC_sim.axf" - 0 Error(s), 21 Warning(s).
D: function "realloc" declared implicitly
                                                CCR3_tab.ptrnTable = (uint16_t**) realloc( CCR3_tab.ptrnTable, sizeof(uint16_t*)*CCR3_tab.numOfPtrn );  // increase memory allocation for a table row
Files_Project\main.c(743): warning:  #223-D: function "malloc" declared implicitly
                                                CCR3_tab.ptrnTable[tabIdx] = (uint16_t*) malloc( sizeof(uint16_t)*SAMPLER );                                                                                                            // allocating memory for a table row
Files_Project\main.c(860): warning:  #223-D: function "free" declared implicitly
                                free( CCR1_tab.sagTable );      // release the sag table memory
Files_Project\main.c(870): warning:  #223-D: function "free" declared implicitly
                                free( CCR2_tab.sagTable );      // release the sag table memory
Files_Project\main.c(880): warning:  #223-D: function "free" declared implicitly
                                free( CCR3_tab.sagTable );      // release the sag table memory
Files_Project\main.c(907): warning:  #223-D: function "free" declared implicitly
                                        free( CCR1_tab.ptrnTable[i] );
Files_Project\main.c(924): warning:  #223-D: function "free" declared implicitly
                                        free( CCR2_tab.ptrnTable[i] );
Files_Project\main.c(941): warning:  #223-D: function "free" declared implicitly
                                        free( CCR3_tab.ptrnTable[i] );
Files_Project\main.c: 15 warnings, 0 errors
compiling Peripheral_Config.c...
compiling stm32f4xx_it.c...
compiling misc.c...
compiling stm32f4xx_dma.c...
compiling stm32f4xx_exti.c...
compiling stm32f4xx_gpio.c...
compiling stm32f4xx_rcc.c...
compiling stm32f4xx_tim.c...
compiling stm32f4xx_usart.c...
compiling stm32f4xx_syscfg.c...
assembling startup_stm32f4xx.s...
compiling system_stm32f4xx.c...
linking...
Program Size: Code=27212 RO-data=1532 RW-data=60 ZI-data=7868  
".\AC_sim.axf" - 0 Error(s), 27 Warning(s).

Load "C:\\Users\\user\\Documents\\Keil\\AC_sim\\AC_sim.axf" 
Erase Done.
Programming Done.
Verify OK.
Application running ...
